// Jest Snapshot v1, https://goo.gl/fbAQLP

exports[`testing <HookApp /> should render properly 1`] = `ShallowWrapper {}`;
